iptables-save
ip6tables-save
* nat
-N ISTIO_INBOUND
-N ISTIO_REDIRECT
-N ISTIO_IN_REDIRECT
-N ISTIO_OUTPUT
-I PREROUTING 1 -i eth0 -j RETURN
-I PREROUTING 1 -i eth1 -j RETURN
-A ISTIO_INBOUND -p tcp --dport 15008 -j RETURN
-A ISTIO_REDIRECT -p tcp -j REDIRECT --to-ports 15001
-A ISTIO_IN_REDIRECT -p tcp -j REDIRECT --to-ports 15006
-A PREROUTING -p tcp -j ISTIO_INBOUND
-A ISTIO_INBOUND -p tcp --dport 4000 -j ISTIO_IN_REDIRECT
-A ISTIO_INBOUND -p tcp --dport 5000 -j ISTIO_IN_REDIRECT
-A OUTPUT -j ISTIO_OUTPUT
-A ISTIO_OUTPUT -o lo -s 127.0.0.6/32 -j RETURN
-A ISTIO_OUTPUT -o lo ! -d 127.0.0.1/32 -p tcp ! --dport 15008 -m owner --uid-owner 1337 -j ISTIO_IN_REDIRECT
-A ISTIO_OUTPUT -o lo -m owner ! --uid-owner 1337 -j RETURN
-A ISTIO_OUTPUT -m owner --uid-owner 1337 -j RETURN
-A ISTIO_OUTPUT -o lo ! -d 127.0.0.1/32 -p tcp ! --dport 15008 -m owner --gid-owner 1337 -j ISTIO_IN_REDIRECT
-A ISTIO_OUTPUT -o lo -m owner ! --gid-owner 1337 -j RETURN
-A ISTIO_OUTPUT -m owner --gid-owner 1337 -j RETURN
-A ISTIO_OUTPUT -d 127.0.0.1/32 -j RETURN
COMMIT
* nat
-N ISTIO_INBOUND
-N ISTIO_REDIRECT
-N ISTIO_IN_REDIRECT
-N ISTIO_OUTPUT
-I PREROUTING 1 -i eth0 -j RETURN
-I PREROUTING 1 -i eth1 -j RETURN
-A ISTIO_INBOUND -p tcp --dport 15008 -j RETURN
-A ISTIO_REDIRECT -p tcp -j REDIRECT --to-ports 15001
-A ISTIO_IN_REDIRECT -p tcp -j REDIRECT --to-ports 15006
-A PREROUTING -p tcp -j ISTIO_INBOUND
-A ISTIO_INBOUND -p tcp --dport 4000 -j ISTIO_IN_REDIRECT
-A ISTIO_INBOUND -p tcp --dport 5000 -j ISTIO_IN_REDIRECT
-A OUTPUT -j ISTIO_OUTPUT
-A ISTIO_OUTPUT -o lo -s ::6/128 -j RETURN
-A ISTIO_OUTPUT -o lo ! -d ::1/128 -p tcp ! --dport 15008 -m owner --uid-owner 1337 -j ISTIO_IN_REDIRECT
-A ISTIO_OUTPUT -o lo -m owner ! --uid-owner 1337 -j RETURN
-A ISTIO_OUTPUT -m owner --uid-owner 1337 -j RETURN
-A ISTIO_OUTPUT -o lo ! -d ::1/128 -p tcp ! --dport 15008 -m owner --gid-owner 1337 -j ISTIO_IN_REDIRECT
-A ISTIO_OUTPUT -o lo -m owner ! --gid-owner 1337 -j RETURN
-A ISTIO_OUTPUT -m owner --gid-owner 1337 -j RETURN
-A ISTIO_OUTPUT -d ::1/128 -j RETURN
-A ISTIO_OUTPUT -d 2001:db8::/32 -j RETURN
-I PREROUTING 1 -i eth0 -d 2001:db8::/32 -j ISTIO_REDIRECT
-I PREROUTING 1 -i eth1 -d 2001:db8::/32 -j ISTIO_REDIRECT
-A ISTIO_OUTPUT -d 2001:db8::/32 -j ISTIO_REDIRECT
COMMIT
iptables-save
ip6tables-save
