apiVersion: networking.istio.io/v1alpha3
kind: DestinationRule
metadata:
  creationTimestamp: null
  name: helloworld-service
  namespace: default
spec:
  host: helloworld-service
  subsets:
  - labels:
      version: "1.0"
    name: version-1-0
    trafficPolicy:
      connectionPool:
        http:
          http1MaxPendingRequests: 1
          maxRequestsPerConnection: 1
        tcp:
          maxConnections: 1
      outlierDetection:
        http:
          baseEjectionTime: 180.000s
          consecutiveErrors: 1
          interval: 1.000s
          maxEjectionPercent: 100
  - labels:
      version: "2.0"
    name: version-2-0
---
apiVersion: networking.istio.io/v1alpha3
kind: VirtualService
metadata:
  creationTimestamp: null
  name: helloworld-service
  namespace: default
spec:
  hosts:
  - helloworld-service
  http:
  - route:
    - destination:
        host: helloworld-service
        subset: version-1-0
      weight: 80
    - destination:
        host: helloworld-service
        subset: version-2-0
      weight: 20
