hosts:
  - "*.google.com"
ports:
  - number: 80
    name: http-port
    protocol: http
  - number: 8080
    name: http-alt-port
    protocol: http
discovery: DNS
endpoints:
  - address: us.google.com
    ports:
      http-port: 7080
      http-alt-port: 18080
  - address: uk.google.com
    ports:
      http-port: 1080
  - address: de.google.com
    labels:
      foo: bar
