apiVersion: gateway.networking.k8s.io/v1alpha2
kind: BackendLBPolicy
metadata:
  creationTimestamp: null
  name: lb-policy
  namespace: default
spec: null
status:
  ancestors:
  - ancestorRef:
      group: core
      kind: service
      name: echo-service
      namespace: default
    conditions:
    - lastTransitionTime: fake
      message: Policy was valid
      reason: Accepted
      status: "True"
      type: Accepted
    - lastTransitionTime: fake
      message: All references resolved
      reason: ResolvedRefs
      status: "True"
      type: ResolvedRefs
    controllerName: istio.io/gateway-controller
---
