apiVersion: gateway.networking.x-k8s.io/v1alpha1
kind: XBackendTrafficPolicy
metadata:
  creationTimestamp: null
  name: lb-policy
  namespace: default
spec: null
status:
  ancestors:
  - ancestorRef:
      group: ""
      kind: Service
      name: echo
    conditions:
    - lastTransitionTime: fake
      message: 'Configuration is valid, but Istio does not support the following fields:
        sessionPersistence and retryConstraint'
      reason: Accepted
      status: "True"
      type: Accepted
    controllerName: istio.io/gateway-controller
---
