apiVersion: gateway.networking.k8s.io/v1
kind: GatewayClass
metadata:
  name: istio
spec: null
status:
  conditions:
  - lastTransitionTime: fake
    message: Handled by Istio controller
    reason: Accepted
    status: "True"
    type: Accepted
---
apiVersion: gateway.networking.k8s.io/v1
kind: Gateway
metadata:
  name: invalid-frontend-ca-kind
  namespace: istio-system
spec: null
status:
  addresses:
  - type: IPAddress
    value: 1.2.3.4
  conditions:
  - lastTransitionTime: fake
    message: Resource accepted
    reason: Accepted
    status: "True"
    type: Accepted
  - lastTransitionTime: fake
    message: Resource programmed, assigned to service(s) istio-ingressgateway.istio-system.svc.domain.suffix:443
    reason: Programmed
    status: "True"
    type: Programmed
  - lastTransitionTime: fake
    message: All references resolved
    reason: ResolvedRefs
    status: "True"
    type: ResolvedRefs
  listeners:
  - attachedRoutes: 0
    conditions:
    - lastTransitionTime: fake
      message: invalid CA certificate reference /Service/some-service., only secret
        and configmap are allowed
      reason: NoValidCACertificate
      status: "False"
      type: Accepted
    - lastTransitionTime: fake
      message: No errors found
      reason: NoConflicts
      status: "False"
      type: Conflicted
    - lastTransitionTime: fake
      message: Bad TLS configuration
      reason: Invalid
      status: "False"
      type: Programmed
    - lastTransitionTime: fake
      message: invalid CA certificate reference /Service/some-service., only secret
        and configmap are allowed
      reason: InvalidCACertificateKind
      status: "False"
      type: ResolvedRefs
    name: https
    supportedKinds:
    - group: gateway.networking.k8s.io
      kind: HTTPRoute
    - group: gateway.networking.k8s.io
      kind: GRPCRoute
---
apiVersion: gateway.networking.k8s.io/v1
kind: Gateway
metadata:
  name: invalid-frontend-ca-ref
  namespace: istio-system
spec: null
status:
  addresses:
  - type: IPAddress
    value: 1.2.3.4
  conditions:
  - lastTransitionTime: fake
    message: Resource accepted
    reason: Accepted
    status: "True"
    type: Accepted
  - lastTransitionTime: fake
    message: Resource programmed, assigned to service(s) istio-ingressgateway.istio-system.svc.domain.suffix:443
      and istio-ingressgateway.istio-system.svc.domain.suffix:80
    reason: Programmed
    status: "True"
    type: Programmed
  - lastTransitionTime: fake
    message: All references resolved
    reason: ResolvedRefs
    status: "True"
    type: ResolvedRefs
  listeners:
  - attachedRoutes: 0
    conditions:
    - lastTransitionTime: fake
      message: invalid CA certificate reference /ConfigMap/does-not-exist., configmap
        istio-system/does-not-exist not found
      reason: NoValidCACertificate
      status: "False"
      type: Accepted
    - lastTransitionTime: fake
      message: No errors found
      reason: NoConflicts
      status: "False"
      type: Conflicted
    - lastTransitionTime: fake
      message: Bad TLS configuration
      reason: Invalid
      status: "False"
      type: Programmed
    - lastTransitionTime: fake
      message: invalid CA certificate reference /ConfigMap/does-not-exist., configmap
        istio-system/does-not-exist not found
      reason: InvalidCACertificateRef
      status: "False"
      type: ResolvedRefs
    name: https
    supportedKinds:
    - group: gateway.networking.k8s.io
      kind: HTTPRoute
    - group: gateway.networking.k8s.io
      kind: GRPCRoute
  - attachedRoutes: 0
    conditions:
    - lastTransitionTime: fake
      message: No errors found
      reason: Accepted
      status: "True"
      type: Accepted
    - lastTransitionTime: fake
      message: No errors found
      reason: NoConflicts
      status: "False"
      type: Conflicted
    - lastTransitionTime: fake
      message: No errors found
      reason: Programmed
      status: "True"
      type: Programmed
    - lastTransitionTime: fake
      message: No errors found
      reason: ResolvedRefs
      status: "True"
      type: ResolvedRefs
    name: http
    supportedKinds:
    - group: gateway.networking.k8s.io
      kind: HTTPRoute
    - group: gateway.networking.k8s.io
      kind: GRPCRoute
---
