apiVersion: gateway.networking.k8s.io/v1alpha2
kind: Gateway
metadata:
  creationTimestamp: null
  name: gateway
  namespace: istio-system
spec: null
status:
  conditions:
  - lastTransitionTime: fake
    message: 'failed to assign to any requested addresses: hostname "gateway.istio-system.svc.domain.suffix"
      not found'
    reason: AddressNotAssigned
    status: "False"
    type: Ready
  - lastTransitionTime: fake
    message: Resources not yet deployed to the cluster
    reason: ResourcesPending
    status: "False"
    type: Scheduled
  listeners:
  - attachedRoutes: 1
    conditions:
    - lastTransitionTime: fake
      message: No errors found
      reason: ListenerReady
      status: "False"
      type: Conflicted
    - lastTransitionTime: fake
      message: No errors found
      reason: ListenerReady
      status: "False"
      type: Detached
    - lastTransitionTime: fake
      message: No errors found
      reason: ListenerReady
      status: "True"
      type: Ready
    - lastTransitionTime: fake
      message: No errors found
      reason: ListenerReady
      status: "True"
      type: ResolvedRefs
    name: default
    supportedKinds:
    - group: gateway.networking.k8s.io
      kind: HTTPRoute
---
apiVersion: gateway.networking.k8s.io/v1alpha2
kind: HTTPRoute
metadata:
  creationTimestamp: null
  name: http
  namespace: default
spec: null
status:
  parents:
  - conditions:
    - lastTransitionTime: fake
      message: Route was valid
      reason: RouteAdmitted
      status: "True"
      type: Accepted
    controllerName: istio.io/gateway-controller
    parentRef:
      name: gateway
      namespace: istio-system
---
