apiVersion: gateway.networking.x-k8s.io/v1alpha1
kind: XBackend
metadata:
  name: cross-namespace
  namespace: allowed-1
spec: null
status:
  parents:
  - conditions:
    - lastTransitionTime: fake
      message: Configuration is valid
      reason: Accepted
      status: "True"
      type: Accepted
    - lastTransitionTime: fake
      message: Configuration is valid
      reason: ResolvedRefs
      status: "True"
      type: ResolvedRefs
    controllerName: istio.io/mesh-controller
    parentRef:
      group: gateway.networking.x-k8s.io
      kind: XBackend
      name: cross-namespace
  - conditions:
    - lastTransitionTime: fake
      message: Configuration is valid
      reason: Accepted
      status: "True"
      type: Accepted
    - lastTransitionTime: fake
      message: Configuration is valid
      reason: ResolvedRefs
      status: "True"
      type: ResolvedRefs
    controllerName: istio.io/gateway-controller
    parentRef:
      group: gateway.networking.k8s.io
      kind: Gateway
      name: gateway
      namespace: istio-system
---
apiVersion: gateway.networking.x-k8s.io/v1alpha1
kind: XBackend
metadata:
  name: external-https
  namespace: default
spec: null
status:
  parents:
  - conditions:
    - lastTransitionTime: fake
      message: Configuration is valid
      reason: Accepted
      status: "True"
      type: Accepted
    - lastTransitionTime: fake
      message: Configuration is valid
      reason: ResolvedRefs
      status: "True"
      type: ResolvedRefs
    controllerName: istio.io/mesh-controller
    parentRef:
      group: gateway.networking.x-k8s.io
      kind: XBackend
      name: external-https
  - conditions:
    - lastTransitionTime: fake
      message: Configuration is valid
      reason: Accepted
      status: "True"
      type: Accepted
    - lastTransitionTime: fake
      message: Configuration is valid
      reason: ResolvedRefs
      status: "True"
      type: ResolvedRefs
    controllerName: istio.io/gateway-controller
    parentRef:
      group: gateway.networking.k8s.io
      kind: Gateway
      name: gateway
      namespace: istio-system
---
apiVersion: gateway.networking.x-k8s.io/v1alpha1
kind: XBackend
metadata:
  name: external-mtls
  namespace: default
spec: null
status:
  parents:
  - conditions:
    - lastTransitionTime: fake
      message: 'unsupported ClientAndServer TLS mode: Istio does not support client
        certificates on backend'
      reason: Invalid
      status: "False"
      type: Accepted
    - lastTransitionTime: fake
      message: Configuration is valid
      reason: ResolvedRefs
      status: "True"
      type: ResolvedRefs
    controllerName: istio.io/mesh-controller
    parentRef:
      group: gateway.networking.x-k8s.io
      kind: XBackend
      name: external-mtls
---
apiVersion: gateway.networking.x-k8s.io/v1alpha1
kind: XBackend
metadata:
  name: external-novalidation
  namespace: default
spec: null
status:
  parents:
  - conditions:
    - lastTransitionTime: fake
      message: Configuration is valid
      reason: Accepted
      status: "True"
      type: Accepted
    - lastTransitionTime: fake
      message: Configuration is valid
      reason: ResolvedRefs
      status: "True"
      type: ResolvedRefs
    controllerName: istio.io/mesh-controller
    parentRef:
      group: gateway.networking.x-k8s.io
      kind: XBackend
      name: external-novalidation
  - conditions:
    - lastTransitionTime: fake
      message: Configuration is valid
      reason: Accepted
      status: "True"
      type: Accepted
    - lastTransitionTime: fake
      message: Configuration is valid
      reason: ResolvedRefs
      status: "True"
      type: ResolvedRefs
    controllerName: istio.io/gateway-controller
    parentRef:
      group: gateway.networking.k8s.io
      kind: Gateway
      name: gateway
      namespace: istio-system
---
apiVersion: gateway.networking.x-k8s.io/v1alpha1
kind: XBackend
metadata:
  name: external-plain
  namespace: default
spec: null
status:
  parents:
  - conditions:
    - lastTransitionTime: fake
      message: Configuration is valid
      reason: Accepted
      status: "True"
      type: Accepted
    - lastTransitionTime: fake
      message: Configuration is valid
      reason: ResolvedRefs
      status: "True"
      type: ResolvedRefs
    controllerName: istio.io/mesh-controller
    parentRef:
      group: gateway.networking.x-k8s.io
      kind: XBackend
      name: external-plain
  - conditions:
    - lastTransitionTime: fake
      message: Configuration is valid
      reason: Accepted
      status: "True"
      type: Accepted
    - lastTransitionTime: fake
      message: Configuration is valid
      reason: ResolvedRefs
      status: "True"
      type: ResolvedRefs
    controllerName: istio.io/gateway-controller
    parentRef:
      group: gateway.networking.k8s.io
      kind: Gateway
      name: gateway
      namespace: istio-system
---
apiVersion: gateway.networking.x-k8s.io/v1alpha1
kind: XBackend
metadata:
  name: external-tcp
  namespace: default
spec: null
status:
  parents:
  - conditions:
    - lastTransitionTime: fake
      message: Configuration is valid
      reason: Accepted
      status: "True"
      type: Accepted
    - lastTransitionTime: fake
      message: Configuration is valid
      reason: ResolvedRefs
      status: "True"
      type: ResolvedRefs
    controllerName: istio.io/mesh-controller
    parentRef:
      group: gateway.networking.x-k8s.io
      kind: XBackend
      name: external-tcp
  - conditions:
    - lastTransitionTime: fake
      message: Configuration is valid
      reason: Accepted
      status: "True"
      type: Accepted
    - lastTransitionTime: fake
      message: Configuration is valid
      reason: ResolvedRefs
      status: "True"
      type: ResolvedRefs
    controllerName: istio.io/gateway-controller
    parentRef:
      group: gateway.networking.k8s.io
      kind: Gateway
      name: gateway
      namespace: istio-system
---
apiVersion: gateway.networking.x-k8s.io/v1alpha1
kind: XBackend
metadata:
  name: shared-host-plain
  namespace: default
spec: null
status:
  parents:
  - conditions:
    - lastTransitionTime: fake
      message: Configuration is valid
      reason: Accepted
      status: "True"
      type: Accepted
    - lastTransitionTime: fake
      message: Configuration is valid
      reason: ResolvedRefs
      status: "True"
      type: ResolvedRefs
    controllerName: istio.io/mesh-controller
    parentRef:
      group: gateway.networking.x-k8s.io
      kind: XBackend
      name: shared-host-plain
---
apiVersion: gateway.networking.x-k8s.io/v1alpha1
kind: XBackend
metadata:
  name: shared-host-tls
  namespace: default
spec: null
status:
  parents:
  - conditions:
    - lastTransitionTime: fake
      message: Configuration is valid
      reason: Accepted
      status: "True"
      type: Accepted
    - lastTransitionTime: fake
      message: Configuration is valid
      reason: ResolvedRefs
      status: "True"
      type: ResolvedRefs
    controllerName: istio.io/mesh-controller
    parentRef:
      group: gateway.networking.x-k8s.io
      kind: XBackend
      name: shared-host-tls
---
apiVersion: gateway.networking.k8s.io/v1
kind: GatewayClass
metadata:
  name: istio
spec: null
status:
  conditions:
  - lastTransitionTime: fake
    message: Handled by Istio controller
    reason: Accepted
    status: "True"
    type: Accepted
---
apiVersion: gateway.networking.k8s.io/v1
kind: Gateway
metadata:
  name: gateway
  namespace: istio-system
spec: null
status:
  addresses:
  - type: IPAddress
    value: 1.2.3.4
  conditions:
  - lastTransitionTime: fake
    message: Resource accepted
    reason: Accepted
    status: "True"
    type: Accepted
  - lastTransitionTime: fake
    message: Resource programmed, assigned to service(s) istio-ingressgateway.istio-system.svc.domain.suffix:34000
      and istio-ingressgateway.istio-system.svc.domain.suffix:80
    reason: Programmed
    status: "True"
    type: Programmed
  - lastTransitionTime: fake
    message: All references resolved
    reason: ResolvedRefs
    status: "True"
    type: ResolvedRefs
  listeners:
  - attachedRoutes: 7
    conditions:
    - lastTransitionTime: fake
      message: No errors found
      reason: Accepted
      status: "True"
      type: Accepted
    - lastTransitionTime: fake
      message: No errors found
      reason: NoConflicts
      status: "False"
      type: Conflicted
    - lastTransitionTime: fake
      message: No errors found
      reason: Programmed
      status: "True"
      type: Programmed
    - lastTransitionTime: fake
      message: No errors found
      reason: ResolvedRefs
      status: "True"
      type: ResolvedRefs
    name: default
    supportedKinds:
    - group: gateway.networking.k8s.io
      kind: HTTPRoute
    - group: gateway.networking.k8s.io
      kind: GRPCRoute
  - attachedRoutes: 2
    conditions:
    - lastTransitionTime: fake
      message: No errors found
      reason: Accepted
      status: "True"
      type: Accepted
    - lastTransitionTime: fake
      message: No errors found
      reason: NoConflicts
      status: "False"
      type: Conflicted
    - lastTransitionTime: fake
      message: No errors found
      reason: Programmed
      status: "True"
      type: Programmed
    - lastTransitionTime: fake
      message: No errors found
      reason: ResolvedRefs
      status: "True"
      type: ResolvedRefs
    name: tcp
    supportedKinds:
    - group: gateway.networking.k8s.io
      kind: TCPRoute
---
apiVersion: gateway.networking.k8s.io/v1
kind: HTTPRoute
metadata:
  name: cross-namespace
  namespace: default
spec: null
status:
  parents:
  - conditions:
    - lastTransitionTime: fake
      message: Route was valid
      reason: Accepted
      status: "True"
      type: Accepted
    - lastTransitionTime: fake
      message: All references resolved
      reason: ResolvedRefs
      status: "True"
      type: ResolvedRefs
    controllerName: istio.io/gateway-controller
    parentRef:
      name: gateway
      namespace: istio-system
---
apiVersion: gateway.networking.k8s.io/v1
kind: HTTPRoute
metadata:
  name: matching-port
  namespace: default
spec: null
status:
  parents:
  - conditions:
    - lastTransitionTime: fake
      message: Route was valid
      reason: Accepted
      status: "True"
      type: Accepted
    - lastTransitionTime: fake
      message: All references resolved
      reason: ResolvedRefs
      status: "True"
      type: ResolvedRefs
    controllerName: istio.io/gateway-controller
    parentRef:
      name: gateway
      namespace: istio-system
---
apiVersion: gateway.networking.k8s.io/v1
kind: HTTPRoute
metadata:
  name: mismatched-port
  namespace: default
spec: null
status:
  parents:
  - conditions:
    - lastTransitionTime: fake
      message: Route was valid
      reason: Accepted
      status: "True"
      type: Accepted
    - lastTransitionTime: fake
      message: backend(external-https) does not expose port 8080, expected 80
      reason: BackendNotFound
      status: "False"
      type: ResolvedRefs
    controllerName: istio.io/gateway-controller
    parentRef:
      name: gateway
      namespace: istio-system
---
apiVersion: gateway.networking.k8s.io/v1
kind: HTTPRoute
metadata:
  name: missing-backend
  namespace: default
spec: null
status:
  parents:
  - conditions:
    - lastTransitionTime: fake
      message: Route was valid
      reason: Accepted
      status: "True"
      type: Accepted
    - lastTransitionTime: fake
      message: backend(does-not-exist) not found
      reason: BackendNotFound
      status: "False"
      type: ResolvedRefs
    controllerName: istio.io/gateway-controller
    parentRef:
      name: gateway
      namespace: istio-system
---
apiVersion: gateway.networking.k8s.io/v1
kind: HTTPRoute
metadata:
  name: no-port
  namespace: default
spec: null
status:
  parents:
  - conditions:
    - lastTransitionTime: fake
      message: Route was valid
      reason: Accepted
      status: "True"
      type: Accepted
    - lastTransitionTime: fake
      message: All references resolved
      reason: ResolvedRefs
      status: "True"
      type: ResolvedRefs
    controllerName: istio.io/gateway-controller
    parentRef:
      name: gateway
      namespace: istio-system
---
apiVersion: gateway.networking.k8s.io/v1
kind: HTTPRoute
metadata:
  name: not-allowed
  namespace: default
spec: null
status:
  parents:
  - conditions:
    - lastTransitionTime: fake
      message: Route was valid
      reason: Accepted
      status: "True"
      type: Accepted
    - lastTransitionTime: fake
      message: backendRef external-mtls/allowed-2 not accessible to a HTTPRoute in
        namespace "default" (missing a ReferenceGrant?)
      reason: RefNotPermitted
      status: "False"
      type: ResolvedRefs
    controllerName: istio.io/gateway-controller
    parentRef:
      name: gateway
      namespace: istio-system
---
apiVersion: gateway.networking.k8s.io/v1
kind: GRPCRoute
metadata:
  name: grpc-backend
  namespace: default
spec: null
status:
  parents:
  - conditions:
    - lastTransitionTime: fake
      message: Route was valid
      reason: Accepted
      status: "True"
      type: Accepted
    - lastTransitionTime: fake
      message: All references resolved
      reason: ResolvedRefs
      status: "True"
      type: ResolvedRefs
    controllerName: istio.io/gateway-controller
    parentRef:
      name: gateway
      namespace: istio-system
---
apiVersion: gateway.networking.k8s.io/v1
kind: TCPRoute
metadata:
  name: tcp-backend
  namespace: default
spec: null
status:
  parents:
  - conditions:
    - lastTransitionTime: fake
      message: Route was valid
      reason: Accepted
      status: "True"
      type: Accepted
    - lastTransitionTime: fake
      message: All references resolved
      reason: ResolvedRefs
      status: "True"
      type: ResolvedRefs
    controllerName: istio.io/gateway-controller
    parentRef:
      name: gateway
      namespace: istio-system
      sectionName: tcp
---
apiVersion: gateway.networking.k8s.io/v1
kind: TCPRoute
metadata:
  name: tcp-mismatched-port
  namespace: default
spec: null
status:
  parents:
  - conditions:
    - lastTransitionTime: fake
      message: Route was valid
      reason: Accepted
      status: "True"
      type: Accepted
    - lastTransitionTime: fake
      message: backend(external-tcp) does not expose port 9999, expected 9000
      reason: BackendNotFound
      status: "False"
      type: ResolvedRefs
    controllerName: istio.io/gateway-controller
    parentRef:
      name: gateway
      namespace: istio-system
      sectionName: tcp
---
