Checked 2/39 listeners with node IP 10.52.2.21.
LISTENER             CERTIFICATE                   mTLS (MODE)      JWT (ISSUERS)                     RBAC (RULES)
10.52.2.21_9080      /etc/certs/cert-chain.pem     yes (STRICT)     yes (testing@secure.istio.io)     yes (service-viewer)
10.52.2.21_15020     none                          no (none)        no (none)                         no (none)

Checked 51/55 outbound clusters.
HOST:PORT                                   CERTIFICATE                   VALIDATE PEER CERTIFICATE
alice.default:80                            /etc/certs/cert-chain.pem     spiffe://cluster.local/ns/default/sa/alice
bob.default:80                              /etc/certs/cert-chain.pem     spiffe://cluster.local/ns/default/sa/bob
details.default:9080                        /etc/certs/cert-chain.pem     spiffe://cluster.local/ns/default/sa/default
httpbin.default:8000                        /etc/certs/cert-chain.pem     spiffe://cluster.local/ns/default/sa/default
kubernetes.default:443                      none                          none
productpage.default:9080                    /etc/certs/cert-chain.pem     spiffe://cluster.local/ns/default/sa/default
ratings.default:9080                        /etc/certs/cert-chain.pem     spiffe://cluster.local/ns/default/sa/default
reviews.default:9080                        /etc/certs/cert-chain.pem     spiffe://cluster.local/ns/default/sa/default
sleep.default:80                            /etc/certs/cert-chain.pem     spiffe://cluster.local/ns/default/sa/sleep
tcp-echo.default:9000                       /etc/certs/cert-chain.pem     spiffe://cluster.local/ns/default/sa/default
grafana.istio-system:3000                   /etc/certs/cert-chain.pem     spiffe://cluster.local/ns/istio-system/sa/default
istio-citadel.istio-system:8060             /etc/certs/cert-chain.pem     spiffe://cluster.local/ns/istio-system/sa/istio-citadel-service-account
istio-citadel.istio-system:15014            /etc/certs/cert-chain.pem     spiffe://cluster.local/ns/istio-system/sa/istio-citadel-service-account
istio-egressgateway.istio-system:80         /etc/certs/cert-chain.pem     spiffe://cluster.local/ns/istio-system/sa/istio-egressgateway-service-account
istio-egressgateway.istio-system:443        /etc/certs/cert-chain.pem     spiffe://cluster.local/ns/istio-system/sa/istio-egressgateway-service-account
istio-egressgateway.istio-system:15443      /etc/certs/cert-chain.pem     spiffe://cluster.local/ns/istio-system/sa/istio-egressgateway-service-account
istio-galley.istio-system:443               /etc/certs/cert-chain.pem     spiffe://cluster.local/ns/istio-system/sa/istio-galley-service-account
istio-galley.istio-system:9901              /etc/certs/cert-chain.pem     spiffe://cluster.local/ns/istio-system/sa/istio-galley-service-account
istio-galley.istio-system:15014             /etc/certs/cert-chain.pem     spiffe://cluster.local/ns/istio-system/sa/istio-galley-service-account
istio-ingressgateway.istio-system:80        /etc/certs/cert-chain.pem     spiffe://cluster.local/ns/istio-system/sa/istio-ingressgateway-service-account
istio-ingressgateway.istio-system:443       /etc/certs/cert-chain.pem     spiffe://cluster.local/ns/istio-system/sa/istio-ingressgateway-service-account
istio-ingressgateway.istio-system:15020     /etc/certs/cert-chain.pem     spiffe://cluster.local/ns/istio-system/sa/istio-ingressgateway-service-account
istio-ingressgateway.istio-system:15029     /etc/certs/cert-chain.pem     spiffe://cluster.local/ns/istio-system/sa/istio-ingressgateway-service-account
istio-ingressgateway.istio-system:15030     /etc/certs/cert-chain.pem     spiffe://cluster.local/ns/istio-system/sa/istio-ingressgateway-service-account
istio-ingressgateway.istio-system:15031     /etc/certs/cert-chain.pem     spiffe://cluster.local/ns/istio-system/sa/istio-ingressgateway-service-account
istio-ingressgateway.istio-system:15032     /etc/certs/cert-chain.pem     spiffe://cluster.local/ns/istio-system/sa/istio-ingressgateway-service-account
istio-ingressgateway.istio-system:15443     /etc/certs/cert-chain.pem     spiffe://cluster.local/ns/istio-system/sa/istio-ingressgateway-service-account
istio-ingressgateway.istio-system:31400     /etc/certs/cert-chain.pem     spiffe://cluster.local/ns/istio-system/sa/istio-ingressgateway-service-account
istio-pilot.istio-system:8080               /etc/certs/cert-chain.pem     spiffe://cluster.local/ns/istio-system/sa/istio-pilot-service-account
istio-pilot.istio-system:15010              /etc/certs/cert-chain.pem     spiffe://cluster.local/ns/istio-system/sa/istio-pilot-service-account
istio-pilot.istio-system:15011              /etc/certs/cert-chain.pem     spiffe://cluster.local/ns/istio-system/sa/istio-pilot-service-account
istio-pilot.istio-system:15014              /etc/certs/cert-chain.pem     spiffe://cluster.local/ns/istio-system/sa/istio-pilot-service-account
istio-policy.istio-system:9091              none                          none
istio-policy.istio-system:15004             /etc/certs/cert-chain.pem     spiffe://cluster.local/ns/istio-system/sa/istio-mixer-service-account
istio-policy.istio-system:15014             none                          none
istio-sidecar-injector.istio-system:443     /etc/certs/cert-chain.pem     spiffe://cluster.local/ns/istio-system/sa/istio-sidecar-injector-service-account
istio-telemetry.istio-system:9091           none                          none
istio-telemetry.istio-system:15004          /etc/certs/cert-chain.pem     spiffe://cluster.local/ns/istio-system/sa/istio-mixer-service-account
istio-telemetry.istio-system:15014          none                          none
istio-telemetry.istio-system:42422          none                          none
jaeger-collector.istio-system:14267         /etc/certs/cert-chain.pem     spiffe://cluster.local/ns/istio-system/sa/default
jaeger-collector.istio-system:14268         /etc/certs/cert-chain.pem     spiffe://cluster.local/ns/istio-system/sa/default
jaeger-query.istio-system:16686             /etc/certs/cert-chain.pem     spiffe://cluster.local/ns/istio-system/sa/default
kiali.istio-system:20001                    /etc/certs/cert-chain.pem     spiffe://cluster.local/ns/istio-system/sa/kiali-service-account
prometheus.istio-system:9090                /etc/certs/cert-chain.pem     spiffe://cluster.local/ns/istio-system/sa/prometheus
tracing.istio-system:80                     /etc/certs/cert-chain.pem     spiffe://cluster.local/ns/istio-system/sa/default
zipkin.istio-system:9411                    /etc/certs/cert-chain.pem     spiffe://cluster.local/ns/istio-system/sa/default
default-http-backend.kube-system:80         /etc/certs/cert-chain.pem     spiffe://cluster.local/ns/kube-system/sa/default
heapster.kube-system:80                     /etc/certs/cert-chain.pem     spiffe://cluster.local/ns/kube-system/sa/heapster
kube-dns.kube-system:53                     /etc/certs/cert-chain.pem     spiffe://cluster.local/ns/kube-system/sa/kube-dns
metrics-server.kube-system:443              /etc/certs/cert-chain.pem     spiffe://cluster.local/ns/kube-system/sa/metrics-server