Checked 17/39 listeners with node IP 10.52.2.21.
LISTENER[FilterChain]     CERTIFICATE                   mTLS (MODE)      JWT (ISSUERS)                        AuthZ (RULES)
0.0.0.0_80                none                          no (none)        no (none)                            no (none)
0.0.0.0_3000              none                          no (none)        no (none)                            no (none)
0.0.0.0_8000              none                          no (none)        no (none)                            no (none)
0.0.0.0_8060              none                          no (none)        no (none)                            no (none)
0.0.0.0_8080              none                          no (none)        no (none)                            no (none)
0.0.0.0_9080              none                          no (none)        no (none)                            no (none)
0.0.0.0_9090              none                          no (none)        no (none)                            no (none)
0.0.0.0_9091              none                          no (none)        no (none)                            no (none)
0.0.0.0_9411              none                          no (none)        no (none)                            no (none)
0.0.0.0_9901              none                          no (none)        no (none)                            no (none)
virtual                   none                          no (none)        no (none)                            no (none)
0.0.0.0_15004             none                          no (none)        no (none)                            no (none)
0.0.0.0_15010             none                          no (none)        no (none)                            no (none)
0.0.0.0_15014             none                          no (none)        no (none)                            no (none)
0.0.0.0_20001             none                          no (none)        no (none)                            no (none)
10.52.2.21_9080           /etc/certs/cert-chain.pem     yes (STRICT)     yes (1: testing@secure.istio.io)     yes (1: service-viewer)
10.52.2.21_15020          none                          no (none)        no (none)                            no (none)
