source:
  name: hello
  labels:
    version: v0
destination:
  name: world
  labels:
    version: v0
circuitBreaker:
  simpleCb:
    maxConnections: 100
    sleepWindow: 15.5s
    httpMaxRequests: 200
    httpMaxRequestsPerConnection: 500
    httpMaxPendingRequests: 50
    httpConsecutiveErrors: 10
    httpDetectionInterval: 30s
    httpMaxEjectionPercent: 100
    httpMaxRetries: 5
loadBalancing:
  name: RANDOM
