{
  "clusters": [
   {
    "name": "out.httpbin.default.svc.cluster.local|http",
    "service_name": "httpbin.default.svc.cluster.local|http",
    "connect_timeout_ms": 1000,
    "type": "strict_dns",
    "lb_type": "round_robin",
    "hosts": [
     {
      "url": "tcp://httpbin.org:80"
     }
    ]
   },
   {
    "name": "out.httpsbin.default.svc.cluster.local|https",
    "service_name": "httpsbin.default.svc.cluster.local|https",
    "connect_timeout_ms": 1000,
    "type": "strict_dns",
    "lb_type": "round_robin",
    "hosts": [
     {
      "url": "tcp://httpbin.org:443"
     }
    ],
    "ssl_context": {}
   }
  ]
 }