{
  "clusters": [
   {
    "name": "out.hello.default.svc.cluster.local|http-status",
    "service_name": "hello.default.svc.cluster.local|http-status",
    "connect_timeout_ms": 1000,
    "type": "sds",
    "lb_type": "round_robin",
    "ssl_context": {
     "cert_chain_file": "/etc/certs/cert-chain.pem",
     "private_key_file": "/etc/certs/key.pem",
     "ca_cert_file": "/etc/certs/root-cert.pem",
     "verify_subject_alt_name": []
    }
   },
   {
    "name": "out.world.default.svc.cluster.local|custom",
    "service_name": "world.default.svc.cluster.local|custom",
    "connect_timeout_ms": 1000,
    "type": "sds",
    "lb_type": "round_robin"
   },
   {
    "name": "out.world.default.svc.cluster.local|http",
    "service_name": "world.default.svc.cluster.local|http",
    "connect_timeout_ms": 1000,
    "type": "sds",
    "lb_type": "round_robin",
    "ssl_context": {
     "cert_chain_file": "/etc/certs/cert-chain.pem",
     "private_key_file": "/etc/certs/key.pem",
     "ca_cert_file": "/etc/certs/root-cert.pem",
     "verify_subject_alt_name": [
      "istio:serviceaccount1",
      "istio:serviceaccount2"
     ]
    }
   },
   {
    "name": "out.world.default.svc.cluster.local|http-status",
    "service_name": "world.default.svc.cluster.local|http-status",
    "connect_timeout_ms": 1000,
    "type": "sds",
    "lb_type": "round_robin",
    "ssl_context": {
     "cert_chain_file": "/etc/certs/cert-chain.pem",
     "private_key_file": "/etc/certs/key.pem",
     "ca_cert_file": "/etc/certs/root-cert.pem",
     "verify_subject_alt_name": [
      "istio:serviceaccount1",
      "istio:serviceaccount2"
     ]
    }
   }
  ]
 }