{
  "virtual_hosts": [
   {
    "name": "world.com",
    "domains": [
     "world.com",
     "world.com:80"
    ],
    "routes": [
     {
      "path": "/hello",
      "weighted_clusters": {
       "clusters": [
        {
         "name": "out.c76febe0f151b2f8abe0f377d2052c0fbbfb959d",
         "weight": 75
        },
        {
         "name": "out.66fcc955b8875b19844f9eaf6cfda47c778c609e",
         "weight": 25
        }
       ]
      },
      "opaque_config": {
       "mixer_check": "on",
       "mixer_forward": "on",
       "mixer_report": "on"
      },
      "decorator": {
       "operation": "weighted"
      }
     }
    ]
   }
  ]
 }