hosts:
  - world
http:
  - match:
      - headers:
          scooby:
            exact: doo
          animal:
            prefix: dog.cat
          name:
            regex: "sco+do+"
        sourceLabels:
            version: v0
    route:
      - destination:
          name: world
          subset: v1
        weight: 100
    fault:
      delay:
        percent: 100
        fixed_delay: 5s
      abort:
        percent: 100
        http_status: 503
