{
  "listeners": [
   {
    "address": "tcp://0.0.0.0:10080",
    "name": "http_0.0.0.0_10080",
    "filters": [
     {
      "type": "read",
      "name": "http_connection_manager",
      "config": {
       "codec_type": "auto",
       "stat_prefix": "http",
       "generate_request_id": true,
       "use_remote_address": true,
       "tracing": {
        "operation_name": "ingress"
       },
       "rds": {
        "cluster": "rds",
        "route_config_name": "10080",
        "refresh_delay_ms": 10
       },
       "filters": [
        {
         "type": "decoder",
         "name": "mixer",
         "config": {
          "v2": {
           "forwardAttributes": {
            "attributes": {
             "source.ip": {
              "bytesValue": "AAAAAAAAAAAAAP//CgMDBQ=="
             },
             "source.uid": {
              "stringValue": "kubernetes://router.default"
             }
            }
           },
           "mixerAttributes": {
            "attributes": {
             "destination.ip": {
              "bytesValue": "AAAAAAAAAAAAAP//CgMDBQ=="
             },
             "destination.uid": {
              "stringValue": "kubernetes://router.default"
             }
            }
           },
           "serviceConfigs": {},
           "transport": {
            "checkCluster": "mixer_check_server",
            "reportCluster": "mixer_report_server"
           }
          }
         }
        },
        {
         "type": "",
         "name": "cors",
         "config": {}
        },
        {
         "type": "decoder",
         "name": "router",
         "config": {}
        }
       ],
       "access_log": [
        {
         "path": "/dev/stdout"
        }
       ]
      }
     }
    ],
    "bind_to_port": true
   },
   {
    "address": "tcp://0.0.0.0:10088",
    "name": "http_0.0.0.0_10088",
    "filters": [
     {
      "type": "read",
      "name": "http_connection_manager",
      "config": {
       "codec_type": "auto",
       "stat_prefix": "http",
       "generate_request_id": true,
       "use_remote_address": true,
       "tracing": {
        "operation_name": "ingress"
       },
       "rds": {
        "cluster": "rds",
        "route_config_name": "10088",
        "refresh_delay_ms": 10
       },
       "filters": [
        {
         "type": "decoder",
         "name": "mixer",
         "config": {
          "v2": {
           "forwardAttributes": {
            "attributes": {
             "source.ip": {
              "bytesValue": "AAAAAAAAAAAAAP//CgMDBQ=="
             },
             "source.uid": {
              "stringValue": "kubernetes://router.default"
             }
            }
           },
           "mixerAttributes": {
            "attributes": {
             "destination.ip": {
              "bytesValue": "AAAAAAAAAAAAAP//CgMDBQ=="
             },
             "destination.uid": {
              "stringValue": "kubernetes://router.default"
             }
            }
           },
           "serviceConfigs": {},
           "transport": {
            "checkCluster": "mixer_check_server",
            "reportCluster": "mixer_report_server"
           }
          }
         }
        },
        {
         "type": "",
         "name": "cors",
         "config": {}
        },
        {
         "type": "decoder",
         "name": "router",
         "config": {}
        }
       ],
       "access_log": [
        {
         "path": "/dev/stdout"
        }
       ]
      }
     }
    ],
    "bind_to_port": true
   }
  ]
 }