{
  "listeners": [
   {
    "address": "tcp://127.0.0.1:15002",
    "name": "http_127.0.0.1_15002",
    "filters": [
     {
      "type": "read",
      "name": "http_connection_manager",
      "config": {
       "codec_type": "auto",
       "stat_prefix": "http",
       "generate_request_id": true,
       "tracing": {
        "operation_name": "egress"
       },
       "rds": {
        "cluster": "rds",
        "route_config_name": "http_proxy",
        "refresh_delay_ms": 10
       },
       "filters": [
        {
         "type": "decoder",
         "name": "mixer",
         "config": {
          "v2": {
           "defaultDestinationService": "hello.default.svc.cluster.local",
           "forwardAttributes": {
            "attributes": {
             "source.ip": {
              "bytesValue": "AAAAAAAAAAAAAP//CgEBAA=="
             },
             "source.labels": {
              "stringMapValue": {
               "entries": {
                "version": "v0"
               }
              }
             },
             "source.uid": {
              "stringValue": "kubernetes://v0.default"
             }
            }
           },
           "mixerAttributes": {
            "attributes": {}
           },
           "serviceConfigs": {
            "hello.default.svc.cluster.local": {
             "disableCheckCalls": true,
             "disableReportCalls": true,
             "mixerAttributes": {
              "attributes": {
               "destination.labels": {
                "stringMapValue": {
                 "entries": {
                  "version": "v0"
                 }
                }
               },
               "destination.service": {
                "stringValue": "hello.default.svc.cluster.local"
               }
              }
             }
            }
           },
           "transport": {
            "checkCluster": "mixer_check_server",
            "reportCluster": "mixer_report_server"
           }
          }
         }
        },
        {
         "type": "",
         "name": "cors",
         "config": {}
        },
        {
         "type": "decoder",
         "name": "router",
         "config": {}
        }
       ],
       "access_log": [
        {
         "path": "/dev/stdout"
        }
       ]
      }
     }
    ],
    "bind_to_port": true
   }
  ]
 }