apiVersion: config.istio.io/v1alpha2
kind: V1alpha2RouteRule
metadata:
  creationTimestamp: null
  name: FIXME
  namespace: FIXME
  resourceVersion: FIXME
spec:
  hosts:
  - c
  http:
  - match:
    - headers:
        testwebsocket:
          exact: enabled
    route:
    - destination:
        name: c
        subset: version-v1
    websocketUpgrade: true
  - route:
    - destination:
        name: c
        subset: version-v1
      weight: 100
